core_cm3.h:1762:34:__NVIC_SystemReset	4	static,ignoring_inline_asm
SystemProcess.c:80:6:MonitoringSystemStatus	24	static
SystemProcess.c:376:6:BlinkingStatusLED	16	static
SystemProcess.c:409:6:HeadLEDControl	24	static
SystemProcess.c:468:6:DiffusionLEDControl	16	static
SystemProcess.c:583:6:ChargingStatus	8	static
SystemProcess.c:647:6:Common_Process	16	static
SystemProcess.c:874:6:StandbyMode_Process	16	static
SystemProcess.c:966:6:SoothingMode_Process	8	static
SystemProcess.c:1169:6:BlemishCare_Process	8	static
SystemProcess.c:1356:6:MoistureMode_Process	8	static
SystemProcess.c:1587:6:CollagenMode_Process	8	static
SystemProcess.c:1823:6:TighteningMode_Process	8	static
SystemProcess.c:1980:6:LiftingMode_Process	8	static
SystemProcess.c:2131:6:EyeCare_Process	8	static
SystemProcess.c:2319:6:Enable_Cooling	16	static
SystemProcess.c:2335:6:Disable_Cooling	8	static
SystemProcess.c:2349:6:Enable_Heating	16	static
SystemProcess.c:2365:6:Disable_Heating	8	static
SystemProcess.c:2379:6:RF_PulseEnable	8	static
SystemProcess.c:2429:6:RF_PulseDisable	4	static
SystemProcess.c:2442:6:RF_LevelChange	4	static
SystemProcess.c:2472:6:EMS_PulseEnable	16	static
SystemProcess.c:2576:6:EMS_PulseDisable	8	static
SystemProcess.c:2619:6:EMSFunctionControl	16	static
SystemProcess.c:2648:6:BleConnection_Process	8	static
SystemProcess.c:2690:6:Display_BackgroundImg	8	static
