user_func.c:22:6:LED_Enable	8	static
user_func.c:30:6:LED_Disable	8	static
user_func.c:43:6:diffusion_led_process	24	static
user_func.c:105:6:led_intensity_process	24	static
user_func.c:165:7:ntc_GetTempADC	16	static
user_func.c:1146:6:LCD_FACTORY	16	static
user_func.c:1179:6:LCD_LOGO_Image	16	static
user_func.c:1184:6:LCD_BATTARY_STATE	16	static
user_func.c:1194:6:LCD_TIME_Image	24	static
user_func.c:1278:6:LCD_SOOTHING_Image	16	static
user_func.c:1287:6:LCD_BLEMISHCARE_Image	16	static
user_func.c:1297:6:LCD_MOISTURE_Image	16	static
user_func.c:1308:6:LCD_Lv_Image	16	static
user_func.c:1321:6:LCD_COLLAGEN_Image	16	static
user_func.c:1330:6:LCD_TIGHTENING_Image	16	static
user_func.c:1340:6:LCD_LIFTING_Image	16	static
user_func.c:1351:6:LCD_LIFTING_Lv_Image	16	static
user_func.c:1365:6:LCD_EYECARE_Image	16	static
user_func.c:1391:6:LCD_BLUETOOTH_PAIRING	16	static
user_func.c:1412:6:LCD_BLUETOOTH_CONNECTED	16	static
user_func.c:1421:6:LCD_BLUETOOTH_REMOVE	16	static
user_func.c:1430:6:LCD_VOLUME	16	static
user_func.c:1447:6:LCD_VOLUME_MUTE	16	static
user_func.c:1463:6:LCD_LOCK	16	static
user_func.c:1476:6:LCD_LOCK_POP	16	static
user_func.c:1492:6:LCD_UNLOCK_POP	16	static
user_func.c:1507:6:LCD_LOW_BATTERY	16	static
user_func.c:1521:6:LCD_CHARGING	16	static
